Loading weights:   0%|          | 0/291 [00:00<?, ?it/s]Loading weights:   1%|          | 2/291 [00:00<00:19, 14.84it/s]Loading weights:  14%|█▍        | 41/291 [00:00<00:01, 203.77it/s]Loading weights:  26%|██▋       | 77/291 [00:00<00:00, 265.65it/s]Loading weights:  38%|███▊      | 112/291 [00:00<00:00, 293.54it/s]Loading weights:  51%|█████     | 148/291 [00:00<00:00, 315.78it/s]Loading weights:  63%|██████▎   | 184/291 [00:00<00:00, 322.78it/s]Loading weights:  76%|███████▌  | 220/291 [00:00<00:00, 334.25it/s]Loading weights:  88%|████████▊ | 256/291 [00:00<00:00, 339.90it/s]Loading weights: 100%|██████████| 291/291 [00:00<00:00, 308.55it/s]
alkane   L 0 src=0.460 tgt=0.001
alkane   L 1 src=0.479 tgt=0.001
alkane   L 2 src=0.521 tgt=0.001
alkane   L 3 src=0.463 tgt=0.000
alkane   L 4 src=0.451 tgt=0.000
alkane   L 5 src=0.437 tgt=0.000
alkane   L 6 src=0.468 tgt=0.000
alkane   L 7 src=0.458 tgt=0.000
alkane   L 8 src=0.481 tgt=0.000
alkane   L 9 src=0.486 tgt=0.000
alkane   L10 src=0.439 tgt=0.000
alkane   L11 src=0.433 tgt=0.000
alkane   L12 src=0.468 tgt=0.001
alkane   L13 src=0.518 tgt=0.001
alkane   L14 src=0.411 tgt=0.001
alkane   L15 src=0.469 tgt=0.002
alkane   L16 src=0.503 tgt=0.005
alkane   L17 src=0.509 tgt=0.013
alkane   L18 src=0.507 tgt=0.052
alkane   L19 src=0.510 tgt=0.060
alkane   L20 src=0.522 tgt=0.061
alkane   L21 src=0.524 tgt=0.067
alkane   L22 src=0.514 tgt=0.371
alkane   L23 src=0.505 tgt=0.442
alkane   L24 src=0.502 tgt=0.449
alkane   L25 src=0.507 tgt=0.446
alkane   L26 src=0.515 tgt=0.453
alkane   L27 src=0.497 tgt=0.443
alkane   L28 src=0.518 tgt=0.451
alkane   L29 src=0.530 tgt=0.475
alkane   L30 src=0.531 tgt=0.509
alkane   L31 src=0.555 tgt=0.569
alcohol  L 0 src=0.512 tgt=0.000
alcohol  L 1 src=0.511 tgt=0.000
alcohol  L 2 src=0.579 tgt=0.000
alcohol  L 3 src=0.527 tgt=0.000
alcohol  L 4 src=0.495 tgt=0.000
alcohol  L 5 src=0.516 tgt=0.000
alcohol  L 6 src=0.500 tgt=0.000
alcohol  L 7 src=0.502 tgt=0.000
alcohol  L 8 src=0.507 tgt=0.000
alcohol  L 9 src=0.515 tgt=0.000
alcohol  L10 src=0.480 tgt=0.000
alcohol  L11 src=0.480 tgt=0.000
alcohol  L12 src=0.499 tgt=0.000
alcohol  L13 src=0.545 tgt=0.000
alcohol  L14 src=0.452 tgt=0.000
alcohol  L15 src=0.501 tgt=0.000
alcohol  L16 src=0.542 tgt=0.001
alcohol  L17 src=0.546 tgt=0.004
alcohol  L18 src=0.537 tgt=0.014
alcohol  L19 src=0.548 tgt=0.019
alcohol  L20 src=0.567 tgt=0.013
alcohol  L21 src=0.563 tgt=0.015
alcohol  L22 src=0.553 tgt=0.286
alcohol  L23 src=0.551 tgt=0.467
alcohol  L24 src=0.557 tgt=0.482
alcohol  L25 src=0.543 tgt=0.476
alcohol  L26 src=0.545 tgt=0.479
alcohol  L27 src=0.528 tgt=0.454
alcohol  L28 src=0.548 tgt=0.459
alcohol  L29 src=0.570 tgt=0.481
alcohol  L30 src=0.545 tgt=0.486
alcohol  L31 src=0.577 tgt=0.511
