Loading weights:   0%|          | 0/291 [00:00<?, ?it/s]Loading weights:   1%|          | 2/291 [00:00<00:21, 13.24it/s]Loading weights:  14%|█▍        | 42/291 [00:00<00:01, 200.75it/s]Loading weights:  28%|██▊       | 81/291 [00:00<00:00, 277.98it/s]Loading weights:  39%|███▉      | 113/291 [00:00<00:00, 286.38it/s]Loading weights:  51%|█████     | 149/291 [00:00<00:00, 310.88it/s]Loading weights:  63%|██████▎   | 184/291 [00:00<00:00, 323.10it/s]Loading weights:  76%|███████▌  | 220/291 [00:00<00:00, 333.30it/s]Loading weights:  88%|████████▊ | 256/291 [00:00<00:00, 340.10it/s]Loading weights: 100%|██████████| 291/291 [00:00<00:00, 306.04it/s]
behaviour bins: 4 refusal openers, 18 compliance openers, other
  M_y fit residual (mean E_BC of its own points): 0.0000 OK
  bin behaviour (refusal, compliance, other), first and last: [0.001, 0.218, 0.781] -> [1.0, 0.0, 0.0]
  0->9: E_BC lin=5.315 man=3.365 | per-waypoint divergence mean=0.0271 max=0.1346 | refusal 0.00->1.00(lin)/1.00(man)
  1->8: E_BC lin=1.202 man=2.641 | per-waypoint divergence mean=0.0466 max=0.1998 | refusal 0.00->1.00(lin)/1.00(man)
  0->7: E_BC lin=4.698 man=4.025 | per-waypoint divergence mean=0.0910 max=0.4133 | refusal 0.00->1.00(lin)/1.00(man)
  2->9: E_BC lin=3.568 man=2.063 | per-waypoint divergence mean=0.0218 max=0.1267 | refusal 0.00->1.00(lin)/1.00(man)
  1->9: E_BC lin=1.374 man=2.467 | per-waypoint divergence mean=0.0226 max=0.0966 | refusal 0.00->1.00(lin)/1.00(man)

pair  ebc_linear  ebc_manifold  divergence_mean  divergence_max  refusal_end_linear  refusal_end_manifold  refusal_start
0->9      5.3151        3.3646           0.0271          0.1346              1.0000                1.0000         0.0000
1->8      1.2020        2.6407           0.0466          0.1998              0.9999                0.9999         0.0001
0->7      4.6981        4.0245           0.0910          0.4133              0.9990                0.9990         0.0000
2->9      3.5680        2.0627           0.0218          0.1267              1.0000                1.0000         0.0000
1->9      1.3738        2.4674           0.0226          0.0966              1.0000                1.0000         0.0001

=== §15a verdict ===
  mean per-waypoint divergence   : 0.0418
  mean |E_BC gap| between strats : 1.3323
  Stage A linear-vs-manifold gap : 0.5858 (reference scale)
  -> BRANCH B: trajectories DIVERGE
     Evidence about the CONSTRUCTION, not about refusal (§15a branch B). Strengthens the Level 3 negative; not a Stage B finding.
